// Jest Snapshot v1, https://goo.gl/fbAQLP

exports[`<NumericField /> when NumericField rendered match snapshot 1`] = `
.emotion-0 {
  display: -webkit-box;
  display: -webkit-flex;
  display: -ms-flexbox;
  display: flex;
  -webkit-flex-direction: column;
  -ms-flex-direction: column;
  flex-direction: column;
  -webkit-align-content: stretch;
  -ms-flex-line-pack: stretch;
  align-content: stretch;
  -webkit-flex-shrink: 1;
  -ms-flex-negative: 1;
  flex-shrink: 1;
  box-sizing: border-box;
  position: relative;
  width: 128px;
  height: 38px;
}

.emotion-1 {
  display: -webkit-box;
  display: -webkit-flex;
  display: -ms-flexbox;
  display: flex;
  -webkit-flex-direction: column;
  -ms-flex-direction: column;
  flex-direction: column;
  -webkit-align-content: stretch;
  -ms-flex-line-pack: stretch;
  align-content: stretch;
  -webkit-flex-shrink: 1;
  -ms-flex-negative: 1;
  flex-shrink: 1;
  background-color: #ffffff;
  border-width: 1px;
  color: #0c0c0c;
  -webkit-text-fill-color: #0c0c0c;
  text-fill-color: #0c0c0c;
  font-size: 0.875rem;
  font-weight: 400;
  line-height: 1.125rem;
  width: 100%;
  padding: 0;
  padding-left: 38px;
  padding-right: 38px;
  height: 100%;
  text-align: center;
  border-color: #00000026;
  border-style: solid;
  border-radius: 2px;
  -moz-appearance: textfield;
}

.emotion-1::-webkit-outer-spin-button {
  -webkit-appearance: none;
  margin: 0;
}

.emotion-1::-webkit-inner-spin-button {
  -webkit-appearance: none;
  margin: 0;
}

.emotion-1::-webkit-input-placeholder {
  color: #5b5b5b;
  -webkit-text-fill-color: #5b5b5b;
  text-fill-color: #5b5b5b;
}

.emotion-1::-moz-placeholder {
  color: #5b5b5b;
  -webkit-text-fill-color: #5b5b5b;
  text-fill-color: #5b5b5b;
}

.emotion-1:-ms-input-placeholder {
  color: #5b5b5b;
  -webkit-text-fill-color: #5b5b5b;
  text-fill-color: #5b5b5b;
}

.emotion-1::placeholder {
  color: #5b5b5b;
  -webkit-text-fill-color: #5b5b5b;
  text-fill-color: #5b5b5b;
}

.emotion-2 {
  display: -webkit-box;
  display: -webkit-flex;
  display: -ms-flexbox;
  display: flex;
  -webkit-flex-direction: column;
  -ms-flex-direction: column;
  flex-direction: column;
  -webkit-align-content: stretch;
  -ms-flex-line-pack: stretch;
  align-content: stretch;
  -webkit-flex-shrink: 1;
  -ms-flex-negative: 1;
  flex-shrink: 1;
  box-sizing: border-box;
  position: absolute;
  top: 4px;
  left: 4px;
  bottom: 4px;
}

.emotion-3 {
  display: -webkit-box;
  display: -webkit-flex;
  display: -ms-flexbox;
  display: flex;
  -webkit-flex-direction: column;
  -ms-flex-direction: column;
  flex-direction: column;
  -webkit-align-content: stretch;
  -ms-flex-line-pack: stretch;
  align-content: stretch;
  -webkit-flex-shrink: 1;
  -ms-flex-negative: 1;
  flex-shrink: 1;
  box-sizing: border-box;
  position: relative;
  cursor: pointer;
  background-color: #0000000d;
  border-width: 0;
  padding: 0;
  overflow: hidden;
  -webkit-align-items: stretch;
  -webkit-box-align: stretch;
  -ms-flex-align: stretch;
  align-items: stretch;
  z-index: 0;
  border-radius: 2px;
}

.emotion-4 {
  display: -webkit-box;
  display: -webkit-flex;
  display: -ms-flexbox;
  display: flex;
  -webkit-flex-direction: column;
  -ms-flex-direction: column;
  flex-direction: column;
  -webkit-align-content: stretch;
  -ms-flex-line-pack: stretch;
  align-content: stretch;
  -webkit-flex-shrink: 1;
  -ms-flex-negative: 1;
  flex-shrink: 1;
  box-sizing: border-box;
  position: absolute;
  z-index: -1;
  left: 0;
  right: 0;
  top: 0;
  bottom: 0;
  background-color: #0c0c0c;
}

.emotion-5 {
  display: -webkit-box;
  display: -webkit-flex;
  display: -ms-flexbox;
  display: flex;
  -webkit-flex-direction: column;
  -ms-flex-direction: column;
  flex-direction: column;
  -webkit-align-content: stretch;
  -ms-flex-line-pack: stretch;
  align-content: stretch;
  -webkit-flex-shrink: 1;
  -ms-flex-negative: 1;
  flex-shrink: 1;
  box-sizing: border-box;
  position: relative;
  width: auto;
  height: auto;
  padding: 7px;
}

.emotion-6 {
  display: -webkit-box;
  display: -webkit-flex;
  display: -ms-flexbox;
  display: flex;
  -webkit-flex-direction: column;
  -ms-flex-direction: column;
  flex-direction: column;
  -webkit-align-content: stretch;
  -ms-flex-line-pack: stretch;
  align-content: stretch;
  -webkit-flex-shrink: 1;
  -ms-flex-negative: 1;
  flex-shrink: 1;
  box-sizing: border-box;
  position: relative;
  width: 16px;
  height: 16px;
  fill: #0c0c0c;
}

.emotion-7 {
  display: -webkit-box;
  display: -webkit-flex;
  display: -ms-flexbox;
  display: flex;
  -webkit-flex-direction: column;
  -ms-flex-direction: column;
  flex-direction: column;
  -webkit-align-content: stretch;
  -ms-flex-line-pack: stretch;
  align-content: stretch;
  -webkit-flex-shrink: 1;
  -ms-flex-negative: 1;
  flex-shrink: 1;
  box-sizing: border-box;
  position: relative;
}

.emotion-8 {
  display: -webkit-box;
  display: -webkit-flex;
  display: -ms-flexbox;
  display: flex;
  -webkit-flex-direction: column;
  -ms-flex-direction: column;
  flex-direction: column;
  -webkit-align-content: stretch;
  -ms-flex-line-pack: stretch;
  align-content: stretch;
  -webkit-flex-shrink: 1;
  -ms-flex-negative: 1;
  flex-shrink: 1;
  box-sizing: border-box;
  position: absolute;
  top: 4px;
  right: 4px;
  bottom: 4px;
}

<div>
  <div
    class="emotion-0"
    data-testid="numericField"
  >
    <input
      autocomplete="off"
      class="emotion-1"
      inputmode="numeric"
      type="text"
      value=""
    />
    <div
      class="emotion-2"
    >
      <button
        class="emotion-3"
        type="button"
      >
        <span
          class="emotion-4"
          style="opacity: 0;"
        />
        <span
          class="emotion-5"
          style="opacity: 1;"
        >
          <svg
            class="emotion-6"
            viewBox="0 0 24 24"
          >
            <path
              class="emotion-7"
              d="M21.25 13.25H2.75c-.15 0-.25-.1-.25-.25v-2c0-.15.1-.25.25-.25h18.5c.15 0 .25.1.25.25v2c0 .15-.1.25-.25.25Z"
            />
          </svg>
        </span>
      </button>
    </div>
    <div
      class="emotion-8"
    >
      <button
        class="emotion-3"
        type="button"
      >
        <span
          class="emotion-4"
          style="opacity: 0;"
        />
        <span
          class="emotion-5"
          style="opacity: 1;"
        >
          <svg
            class="emotion-6"
            viewBox="0 0 24 24"
          >
            <path
              class="emotion-7"
              d="M21.25 10.75h-8v-8c0-.15-.1-.25-.25-.25h-2c-.15 0-.25.1-.25.25v8h-8c-.15 0-.25.1-.25.25v2c0 .15.1.25.25.25h8v8c0 .15.1.25.25.25h2c.15 0 .25-.1.25-.25v-8h8c.15 0 .25-.1.25-.25v-2c0-.15-.1-.25-.25-.25Z"
            />
          </svg>
        </span>
      </button>
    </div>
  </div>
</div>
`;
