// Jest Snapshot v1, https://goo.gl/fbAQLP

exports[`<DrawerFooter /> when DrawerFooter is rendering match snapshot 1`] = `
.emotion-0 {
  display: -webkit-box;
  display: -webkit-flex;
  display: -ms-flexbox;
  display: flex;
  -webkit-align-content: stretch;
  -ms-flex-line-pack: stretch;
  align-content: stretch;
  -webkit-flex-shrink: 0;
  -ms-flex-negative: 0;
  flex-shrink: 0;
  -webkit-flex-direction: column;
  -ms-flex-direction: column;
  flex-direction: column;
  box-sizing: border-box;
  position: relative;
  -webkit-box-flex: 0;
  -webkit-flex-grow: 0;
  -ms-flex-positive: 0;
  flex-grow: 0;
  -webkit-flex-basis: auto;
  -ms-flex-preferred-size: auto;
  flex-basis: auto;
  border-width: 0;
  border-color: #00000026;
  border-style: solid;
  width: 100%;
  height: 0;
  border-top-width: 1px;
  margin-top: 0;
  margin-bottom: 0;
}

.emotion-1 {
  display: -webkit-box;
  display: -webkit-flex;
  display: -ms-flexbox;
  display: flex;
  -webkit-align-content: stretch;
  -ms-flex-line-pack: stretch;
  align-content: stretch;
  -webkit-flex-shrink: 1;
  -ms-flex-negative: 1;
  flex-shrink: 1;
  -webkit-flex-direction: column;
  -ms-flex-direction: column;
  flex-direction: column;
  box-sizing: border-box;
  position: relative;
  padding-top: 12px;
  padding-bottom: 12px;
  padding-left: 20px;
  padding-right: 20px;
}

.emotion-2 {
  display: -webkit-box;
  display: -webkit-flex;
  display: -ms-flexbox;
  display: flex;
  -webkit-align-content: stretch;
  -ms-flex-line-pack: stretch;
  align-content: stretch;
  -webkit-flex-shrink: 1;
  -ms-flex-negative: 1;
  flex-shrink: 1;
  -webkit-flex-direction: column;
  -ms-flex-direction: column;
  flex-direction: column;
  box-sizing: border-box;
  position: relative;
  -webkit-box-pack: start;
  -ms-flex-pack: start;
  -webkit-justify-content: flex-start;
  justify-content: flex-start;
  -webkit-align-items: stretch;
  -webkit-box-align: stretch;
  -ms-flex-align: stretch;
  align-items: stretch;
}

.emotion-3 {
  text-align: left;
  color: #0c0c0c;
  -webkit-text-fill-color: #0c0c0c;
  text-fill-color: #0c0c0c;
  font-size: 0.8125rem;
  line-height: 1.125rem;
  font-weight: 400;
}

<div>
  <div
    class="emotion-0"
    kind="default"
  />
  <div
    class="emotion-1"
    data-testid="drawer-footer"
  >
    <div
      class="emotion-2"
    >
      <span
        class="emotion-3"
        data-testid="body"
      >
        Drawer Footer test
      </span>
    </div>
  </div>
</div>
`;
