// Jest Snapshot v1, https://goo.gl/fbAQLP

exports[`<Body /> when Body with level 3 rendered match snapshot 1`] = `
.emotion-0 {
  display: -webkit-box;
  display: -webkit-flex;
  display: -ms-flexbox;
  display: flex;
  -webkit-align-content: stretch;
  -ms-flex-line-pack: stretch;
  align-content: stretch;
  -webkit-flex-shrink: 1;
  -ms-flex-negative: 1;
  flex-shrink: 1;
  text-align: left;
  color: #0c0c0c;
  -webkit-text-fill-color: #0c0c0c;
  text-fill-color: #0c0c0c;
  font-size: 0.8125rem;
  line-height: 1.125rem;
  font-weight: 400;
}

<div>
  <span
    class="emotion-0"
    data-testid="body"
  >
    Hello World
  </span>
</div>
`;
