// Jest Snapshot v1, https://goo.gl/fbAQLP

exports[`<DrawerPanel /> when component is rendering match snapshot 1`] = `
.emotion-0 {
  display: -webkit-box;
  display: -webkit-flex;
  display: -ms-flexbox;
  display: flex;
  -webkit-align-content: stretch;
  -ms-flex-line-pack: stretch;
  align-content: stretch;
  -webkit-flex-shrink: 1;
  -ms-flex-negative: 1;
  flex-shrink: 1;
  -webkit-flex-direction: row;
  -ms-flex-direction: row;
  flex-direction: row;
  box-sizing: border-box;
  position: absolute;
  top: 0;
  right: 0;
  height: 100%;
}

.emotion-1 {
  display: -webkit-box;
  display: -webkit-flex;
  display: -ms-flexbox;
  display: flex;
  -webkit-align-content: stretch;
  -ms-flex-line-pack: stretch;
  align-content: stretch;
  -webkit-flex-shrink: 1;
  -ms-flex-negative: 1;
  flex-shrink: 1;
  -webkit-flex-direction: column;
  -ms-flex-direction: column;
  flex-direction: column;
  box-sizing: border-box;
  position: relative;
  width: 0;
  right: 0;
  height: 100%;
}

.emotion-2 {
  display: -webkit-box;
  display: -webkit-flex;
  display: -ms-flexbox;
  display: flex;
  -webkit-align-content: stretch;
  -ms-flex-line-pack: stretch;
  align-content: stretch;
  -webkit-flex-shrink: 1;
  -ms-flex-negative: 1;
  flex-shrink: 1;
  -webkit-flex-direction: row;
  -ms-flex-direction: row;
  flex-direction: row;
  box-sizing: border-box;
  position: relative;
  width: 0;
  -webkit-box-flex: 1;
  -webkit-flex-grow: 1;
  -ms-flex-positive: 1;
  flex-grow: 1;
  height: 100%;
}

.emotion-3 {
  display: -webkit-box;
  display: -webkit-flex;
  display: -ms-flexbox;
  display: flex;
  -webkit-align-content: stretch;
  -ms-flex-line-pack: stretch;
  align-content: stretch;
  -webkit-flex-shrink: 0;
  -ms-flex-negative: 0;
  flex-shrink: 0;
  -webkit-flex-direction: column;
  -ms-flex-direction: column;
  flex-direction: column;
  box-sizing: border-box;
  position: relative;
  -webkit-box-flex: 0;
  -webkit-flex-grow: 0;
  -ms-flex-positive: 0;
  flex-grow: 0;
  -webkit-flex-basis: auto;
  -ms-flex-preferred-size: auto;
  flex-basis: auto;
  border-width: 0;
  border-color: #00000026;
  border-style: solid;
  width: 0;
  border-right-width: 1px;
  height: 100%;
  margin-left: 0;
  margin-right: 0;
}

.emotion-4 {
  display: -webkit-box;
  display: -webkit-flex;
  display: -ms-flexbox;
  display: flex;
  -webkit-align-content: stretch;
  -ms-flex-line-pack: stretch;
  align-content: stretch;
  -webkit-flex-shrink: 1;
  -ms-flex-negative: 1;
  flex-shrink: 1;
  -webkit-flex-direction: column;
  -ms-flex-direction: column;
  flex-direction: column;
  box-sizing: border-box;
  position: relative;
  height: 100%;
  -webkit-box-pack: justify;
  -webkit-justify-content: space-between;
  justify-content: space-between;
  -webkit-align-items: stretch;
  -webkit-box-align: stretch;
  -ms-flex-align: stretch;
  align-items: stretch;
}

.emotion-5 {
  display: -webkit-box;
  display: -webkit-flex;
  display: -ms-flexbox;
  display: flex;
  -webkit-align-content: stretch;
  -ms-flex-line-pack: stretch;
  align-content: stretch;
  -webkit-flex-shrink: 1;
  -ms-flex-negative: 1;
  flex-shrink: 1;
  -webkit-flex-direction: column;
  -ms-flex-direction: column;
  flex-direction: column;
  box-sizing: border-box;
  position: relative;
  width: 100%;
  overflow: hidden;
}

.emotion-6 {
  display: -webkit-box;
  display: -webkit-flex;
  display: -ms-flexbox;
  display: flex;
  -webkit-align-content: stretch;
  -ms-flex-line-pack: stretch;
  align-content: stretch;
  -webkit-flex-shrink: 1;
  -ms-flex-negative: 1;
  flex-shrink: 1;
  -webkit-flex-direction: column;
  -ms-flex-direction: column;
  flex-direction: column;
  box-sizing: border-box;
  position: relative;
}

.emotion-8 {
  display: -webkit-box;
  display: -webkit-flex;
  display: -ms-flexbox;
  display: flex;
  -webkit-align-content: stretch;
  -ms-flex-line-pack: stretch;
  align-content: stretch;
  -webkit-flex-shrink: 1;
  -ms-flex-negative: 1;
  flex-shrink: 1;
  -webkit-flex-direction: column;
  -ms-flex-direction: column;
  flex-direction: column;
  box-sizing: border-box;
  position: relative;
  width: 100%;
}

<div>
  <div
    class="emotion-0"
  >
    <div
      class="emotion-1"
      style="transform: translateX(0px); transition-property: transform; transition-duration: 200ms; transition-timing-function: cubic-bezier(0.5, 1, 0.89, 1);"
    >
      <div
        class="emotion-2"
        data-testid="drawer-panel"
      >
        <div
          class="emotion-3"
          kind="default"
        />
        <div
          class="emotion-4"
        >
          <div
            class="emotion-5"
          >
            <div
              class="emotion-6"
            >
              <div
                class="emotion-6"
              />
            </div>
          </div>
          <div
            class="emotion-8"
          />
        </div>
      </div>
    </div>
  </div>
</div>
`;
