// Jest Snapshot v1, https://goo.gl/fbAQLP

exports[`<FormTextField /> when FormTextField rendered match snapshot 1`] = `
.emotion-0 {
  display: -webkit-box;
  display: -webkit-flex;
  display: -ms-flexbox;
  display: flex;
  -webkit-align-content: stretch;
  -ms-flex-line-pack: stretch;
  align-content: stretch;
  -webkit-flex-shrink: 1;
  -ms-flex-negative: 1;
  flex-shrink: 1;
  -webkit-flex-direction: column;
  -ms-flex-direction: column;
  flex-direction: column;
  box-sizing: border-box;
  position: relative;
}

.emotion-1 {
  display: -webkit-box;
  display: -webkit-flex;
  display: -ms-flexbox;
  display: flex;
  -webkit-align-content: stretch;
  -ms-flex-line-pack: stretch;
  align-content: stretch;
  -webkit-flex-shrink: 1;
  -ms-flex-negative: 1;
  flex-shrink: 1;
  -webkit-flex-direction: column;
  -ms-flex-direction: column;
  flex-direction: column;
  box-sizing: border-box;
  position: relative;
  width: 100%;
  -webkit-box-pack: start;
  -ms-flex-pack: start;
  -webkit-justify-content: flex-start;
  justify-content: flex-start;
  -webkit-align-items: stretch;
  -webkit-box-align: stretch;
  -ms-flex-align: stretch;
  align-items: stretch;
}

.emotion-2 {
  display: -webkit-box;
  display: -webkit-flex;
  display: -ms-flexbox;
  display: flex;
  -webkit-align-content: stretch;
  -ms-flex-line-pack: stretch;
  align-content: stretch;
  -webkit-flex-shrink: 1;
  -ms-flex-negative: 1;
  flex-shrink: 1;
  -webkit-flex-direction: row;
  -ms-flex-direction: row;
  flex-direction: row;
  box-sizing: border-box;
  position: relative;
  -webkit-align-items: center;
  -webkit-box-align: center;
  -ms-flex-align: center;
  align-items: center;
  padding-left: 0;
  padding-right: 0;
  width: 100%;
  height: 50px;
  border-width: 1px;
  border-style: solid;
  border-color: #00000026;
  background-color: #ffffff;
  border-radius: 2px;
}

.emotion-3 {
  display: -webkit-box;
  display: -webkit-flex;
  display: -ms-flexbox;
  display: flex;
  -webkit-align-content: stretch;
  -ms-flex-line-pack: stretch;
  align-content: stretch;
  -webkit-flex-shrink: 0;
  -ms-flex-negative: 0;
  flex-shrink: 0;
  -webkit-flex-direction: column;
  -ms-flex-direction: column;
  flex-direction: column;
  box-sizing: border-box;
  position: relative;
  -webkit-box-pack: start;
  -ms-flex-pack: start;
  -webkit-justify-content: flex-start;
  justify-content: flex-start;
  -webkit-align-items: stretch;
  -webkit-box-align: stretch;
  -ms-flex-align: stretch;
  align-items: stretch;
}

.emotion-4 {
  display: -webkit-box;
  display: -webkit-flex;
  display: -ms-flexbox;
  display: flex;
  -webkit-align-content: stretch;
  -ms-flex-line-pack: stretch;
  align-content: stretch;
  -webkit-flex-shrink: 1;
  -ms-flex-negative: 1;
  flex-shrink: 1;
  -webkit-flex-direction: column;
  -ms-flex-direction: column;
  flex-direction: column;
  box-sizing: border-box;
  position: relative;
  width: 100%;
  height: 100%;
  cursor: text;
}

.emotion-5 {
  display: -webkit-box;
  display: -webkit-flex;
  display: -ms-flexbox;
  display: flex;
  -webkit-align-content: stretch;
  -ms-flex-line-pack: stretch;
  align-content: stretch;
  -webkit-flex-shrink: 1;
  -ms-flex-negative: 1;
  flex-shrink: 1;
  -webkit-flex-direction: column;
  -ms-flex-direction: column;
  flex-direction: column;
  box-sizing: border-box;
  position: relative;
  cursor: text;
}

.emotion-6 {
  display: block;
  -webkit-align-content: stretch;
  -ms-flex-line-pack: stretch;
  align-content: stretch;
  -webkit-flex-shrink: 1;
  -ms-flex-negative: 1;
  flex-shrink: 1;
  text-align: left;
  color: #5b5b5b;
  -webkit-text-fill-color: #5b5b5b;
  text-fill-color: #5b5b5b;
  position: absolute;
  z-index: 1;
  left: 15px;
  right: 15px;
  overflow: hidden;
  white-space: nowrap;
  text-overflow: ellipsis;
}

.emotion-7 {
  display: -webkit-box;
  display: -webkit-flex;
  display: -ms-flexbox;
  display: flex;
  -webkit-align-content: stretch;
  -ms-flex-line-pack: stretch;
  align-content: stretch;
  -webkit-flex-shrink: 1;
  -ms-flex-negative: 1;
  flex-shrink: 1;
  -webkit-flex-direction: row;
  -ms-flex-direction: row;
  flex-direction: row;
  box-sizing: border-box;
  position: relative;
  -webkit-box-pack: start;
  -ms-flex-pack: start;
  -webkit-justify-content: flex-start;
  justify-content: flex-start;
  -webkit-align-items: center;
  -webkit-box-align: center;
  -ms-flex-align: center;
  align-items: center;
}

.emotion-8 {
  display: none;
  -webkit-align-content: stretch;
  -ms-flex-line-pack: stretch;
  align-content: stretch;
  -webkit-flex-shrink: 0;
  -ms-flex-negative: 0;
  flex-shrink: 0;
  text-align: left;
  color: #5b5b5b;
  -webkit-text-fill-color: #5b5b5b;
  text-fill-color: #5b5b5b;
  font-size: 0.875rem;
  line-height: 1.125rem;
  padding-top: 15px;
  padding-left: 16px;
  padding-bottom: 15px;
}

.emotion-9 {
  display: -webkit-box;
  display: -webkit-flex;
  display: -ms-flexbox;
  display: flex;
  -webkit-align-content: stretch;
  -ms-flex-line-pack: stretch;
  align-content: stretch;
  -webkit-flex-shrink: 1;
  -ms-flex-negative: 1;
  flex-shrink: 1;
  background-color: #00000000;
  border-width: 0;
  color: #0c0c0c;
  -webkit-text-fill-color: #0c0c0c;
  text-fill-color: #0c0c0c;
  font-size: 0.875rem;
  line-height: 1.125rem;
  width: 100%;
  padding: 0;
  height: 50px;
  padding-top: 15px;
  padding-left: 15px;
  padding-right: 15px;
  padding-bottom: 15px;
}

.emotion-9::-webkit-input-placeholder {
  color: #949494;
  -webkit-text-fill-color: #949494;
  text-fill-color: #949494;
}

.emotion-9::-moz-placeholder {
  color: #949494;
  -webkit-text-fill-color: #949494;
  text-fill-color: #949494;
}

.emotion-9:-ms-input-placeholder {
  color: #949494;
  -webkit-text-fill-color: #949494;
  text-fill-color: #949494;
}

.emotion-9::placeholder {
  color: #949494;
  -webkit-text-fill-color: #949494;
  text-fill-color: #949494;
}

.emotion-10 {
  display: none;
  -webkit-align-content: stretch;
  -ms-flex-line-pack: stretch;
  align-content: stretch;
  -webkit-flex-shrink: 0;
  -ms-flex-negative: 0;
  flex-shrink: 0;
  text-align: left;
  color: #5b5b5b;
  -webkit-text-fill-color: #5b5b5b;
  text-fill-color: #5b5b5b;
  font-size: 0.875rem;
  line-height: 1.125rem;
  padding-top: 15px;
  padding-right: 16px;
  padding-bottom: 15px;
}

.emotion-12 {
  display: -webkit-box;
  display: -webkit-flex;
  display: -ms-flexbox;
  display: flex;
  -webkit-align-content: stretch;
  -ms-flex-line-pack: stretch;
  align-content: stretch;
  -webkit-flex-shrink: 1;
  -ms-flex-negative: 1;
  flex-shrink: 1;
  -webkit-flex-direction: column;
  -ms-flex-direction: column;
  flex-direction: column;
  box-sizing: border-box;
  position: relative;
  cursor: pointer;
  background-color: inherit;
  border-width: 0;
  padding: 0;
  overflow: hidden;
  -webkit-align-items: stretch;
  -webkit-box-align: stretch;
  -ms-flex-align: stretch;
  align-items: stretch;
  z-index: 0;
}

.emotion-13 {
  display: -webkit-box;
  display: -webkit-flex;
  display: -ms-flexbox;
  display: flex;
  -webkit-align-content: stretch;
  -ms-flex-line-pack: stretch;
  align-content: stretch;
  -webkit-flex-shrink: 1;
  -ms-flex-negative: 1;
  flex-shrink: 1;
  -webkit-flex-direction: column;
  -ms-flex-direction: column;
  flex-direction: column;
  box-sizing: border-box;
  position: relative;
  width: auto;
  height: auto;
}

<div>
  <form
    class="emotion-0"
    novalidate=""
  >
    <div
      class="emotion-1"
    >
      <div
        class="emotion-2"
      >
        <div
          class="emotion-3"
        />
        <div
          class="emotion-4"
        >
          <div
            class="emotion-5"
            tabindex="0"
          >
            <span
              class="emotion-6"
              style="top: 15px; font-size: 0.875rem; line-height: 1.125rem;"
            />
          </div>
          <div
            class="emotion-7"
          >
            <span
              class="emotion-8"
            />
            <input
              autocapitalize="none"
              autocomplete="off"
              class="emotion-9"
              data-testid="FormTextField"
              inputmode="text"
              type="text"
              value=""
            />
            <span
              class="emotion-10"
            />
          </div>
        </div>
        <div
          class="emotion-3"
        />
      </div>
    </div>
    <button
      class="emotion-12"
      data-testid="submit"
      type="button"
    >
      <span
        class="emotion-13"
        style="opacity: 1;"
      />
    </button>
  </form>
</div>
`;
