// Jest Snapshot v1, https://goo.gl/fbAQLP

exports[`<OutlinedButton /> match snapshot 1`] = `
.emotion-0 {
  text-align: left;
  color: #0c0c0c;
  -webkit-text-fill-color: #0c0c0c;
  text-fill-color: #0c0c0c;
  font-size: 0.75rem;
  line-height: 1rem;
  font-weight: 700;
  margin-left: 4px;
  margin-right: 4px;
}

@media screen and (min-width: 640px) {
  .emotion-0 {
    font-size: 0.875rem;
    line-height: 1.125rem;
  }
}

<span
  class="emotion-0"
>
  OutlinedButton
</span>
`;
