// Jest Snapshot v1, https://goo.gl/fbAQLP

exports[`<Title /> when Title with level 3 rendered match snapshot 1`] = `
.emotion-0 {
  display: -webkit-box;
  display: -webkit-flex;
  display: -ms-flexbox;
  display: flex;
  -webkit-flex-direction: column;
  -ms-flex-direction: column;
  flex-direction: column;
  -webkit-align-content: stretch;
  -ms-flex-line-pack: stretch;
  align-content: stretch;
  -webkit-flex-shrink: 1;
  -ms-flex-negative: 1;
  flex-shrink: 1;
  font-family: Pretendard;
  color: #0C0C0C;
  font-size: 1.625rem;
  font-weight: 700;
  line-height: 2.25rem;
}

<div>
  <span
    class="emotion-0"
    data-testid="title"
  >
    Hello World
  </span>
</div>
`;
