// Jest Snapshot v1, https://goo.gl/fbAQLP

exports[`<Spinner /> when Spinner rendered match snapshot 1`] = `
.emotion-0 {
  display: -webkit-box;
  display: -webkit-flex;
  display: -ms-flexbox;
  display: flex;
  -webkit-align-content: stretch;
  -ms-flex-line-pack: stretch;
  align-content: stretch;
  -webkit-flex-shrink: 1;
  -ms-flex-negative: 1;
  flex-shrink: 1;
  -webkit-flex-direction: column;
  -ms-flex-direction: column;
  flex-direction: column;
  box-sizing: border-box;
  position: relative;
  -webkit-transform: rotate(360deg);
  -moz-transform: rotate(360deg);
  -ms-transform: rotate(360deg);
  transform: rotate(360deg);
  border-style: solid;
  border-width: 3px;
  border-top-color: #0c0c0c;
  border-left-color: #0c0c0c3d;
  border-right-color: #0c0c0c3d;
  border-bottom-color: #0c0c0c3d;
  border-radius: 8px;
  width: 16px;
  height: 16px;
}

<div>
  <span
    class="emotion-0"
    data-testid="spinner"
  />
</div>
`;
