// Jest Snapshot v1, https://goo.gl/fbAQLP

exports[`<OperatorButton /> when OperatorButton rendered match snapshot 1`] = `
.emotion-0 {
  display: -webkit-box;
  display: -webkit-flex;
  display: -ms-flexbox;
  display: flex;
  -webkit-flex-direction: column;
  -ms-flex-direction: column;
  flex-direction: column;
  -webkit-align-content: stretch;
  -ms-flex-line-pack: stretch;
  align-content: stretch;
  -webkit-flex-shrink: 1;
  -ms-flex-negative: 1;
  flex-shrink: 1;
  padding: 7px;
  border-width: 0;
  border-radius: 2px;
  background-color: rgba(0, 0, 0, 0.05);
  cursor: pointer;
  position: relative;
  overflow-x: hidden;
  overflow-y: hidden;
  z-index: 0;
}

.emotion-0::before {
  content: "";
  position: absolute;
  z-index: -1;
  left: 0;
  right: 0;
  top: 0;
  bottom: 0;
  opacity: 0;
  background-color: #101010;
}

@media (hover: hover) {
  .emotion-0:hover::before {
    content: "";
    opacity: 0.08;
  }
}

.emotion-0:active::before {
  content: "";
  opacity: 0.16;
}

.emotion-1 {
  display: -webkit-box;
  display: -webkit-flex;
  display: -ms-flexbox;
  display: flex;
  -webkit-flex-direction: column;
  -ms-flex-direction: column;
  flex-direction: column;
  -webkit-align-self: flex-start;
  -ms-flex-item-align: flex-start;
  align-self: flex-start;
  -webkit-align-content: stretch;
  -ms-flex-line-pack: stretch;
  align-content: stretch;
  -webkit-flex-shrink: 1;
  -ms-flex-negative: 1;
  flex-shrink: 1;
  width: 16px;
  height: 16px;
}

.emotion-2 {
  display: -webkit-box;
  display: -webkit-flex;
  display: -ms-flexbox;
  display: flex;
  -webkit-flex-direction: column;
  -ms-flex-direction: column;
  flex-direction: column;
  -webkit-align-self: flex-start;
  -ms-flex-item-align: flex-start;
  align-self: flex-start;
  -webkit-align-content: stretch;
  -ms-flex-line-pack: stretch;
  align-content: stretch;
  -webkit-flex-shrink: 1;
  -ms-flex-negative: 1;
  flex-shrink: 1;
  width: 100%;
  height: 100%;
  fill: #101010;
}

.emotion-3 {
  display: -webkit-box;
  display: -webkit-flex;
  display: -ms-flexbox;
  display: flex;
  -webkit-flex-direction: column;
  -ms-flex-direction: column;
  flex-direction: column;
  -webkit-align-content: stretch;
  -ms-flex-line-pack: stretch;
  align-content: stretch;
  -webkit-flex-shrink: 1;
  -ms-flex-negative: 1;
  flex-shrink: 1;
}

<div>
  <button
    class="emotion-0"
    data-testid="operatorButton"
  >
    <span
      class="emotion-1"
    >
      <svg
        class="emotion-2"
        viewBox="0 0 24 24"
        xmlns="http://www.w3.org/2000/svg"
      >
        <path
          class="emotion-3"
          d="M21.25 10.75h-8v-8c0-.15-.1-.25-.25-.25h-2c-.15 0-.25.1-.25.25v8h-8c-.15 0-.25.1-.25.25v2c0 .15.1.25.25.25h8v8c0 .15.1.25.25.25h2c.15 0 .25-.1.25-.25v-8h8c.15 0 .25-.1.25-.25v-2c0-.15-.1-.25-.25-.25Z"
        />
      </svg>
    </span>
  </button>
</div>
`;
