// Jest Snapshot v1, https://goo.gl/fbAQLP

exports[`<Paragraph /> when Paragraph with level 3 rendered match snapshot 1`] = `
.emotion-0 {
  display: -webkit-box;
  display: -webkit-flex;
  display: -ms-flexbox;
  display: flex;
  -webkit-flex-direction: column;
  -ms-flex-direction: column;
  flex-direction: column;
  -webkit-align-content: stretch;
  -ms-flex-line-pack: stretch;
  align-content: stretch;
  -webkit-flex-shrink: 0;
  -ms-flex-negative: 0;
  flex-shrink: 0;
  font-family: Pretendard;
  font-size: 1rem;
  font-weight: 400;
  line-height: 1.75rem;
  color: #101010;
}

<div>
  <span
    class="emotion-0"
    data-testid="paragraph"
  >
    Hello World
  </span>
</div>
`;
