// Jest Snapshot v1, https://goo.gl/fbAQLP

exports[`<BreadCrumbs /> when BreadCrumbs with 3 items rendered match snapshot 1`] = `
.emotion-0 {
  display: -webkit-box;
  display: -webkit-flex;
  display: -ms-flexbox;
  display: flex;
  -webkit-align-content: stretch;
  -ms-flex-line-pack: stretch;
  align-content: stretch;
  -webkit-flex-shrink: 1;
  -ms-flex-negative: 1;
  flex-shrink: 1;
  -webkit-flex-direction: row;
  -ms-flex-direction: row;
  flex-direction: row;
  box-sizing: border-box;
  position: relative;
  -webkit-box-pack: start;
  -ms-flex-pack: start;
  -webkit-justify-content: flex-start;
  justify-content: flex-start;
  -webkit-align-items: stretch;
  -webkit-box-align: stretch;
  -ms-flex-align: stretch;
  align-items: stretch;
}

.emotion-1 {
  display: -webkit-box;
  display: -webkit-flex;
  display: -ms-flexbox;
  display: flex;
  -webkit-align-content: stretch;
  -ms-flex-line-pack: stretch;
  align-content: stretch;
  -webkit-flex-shrink: 1;
  -ms-flex-negative: 1;
  flex-shrink: 1;
  -webkit-flex-direction: row;
  -ms-flex-direction: row;
  flex-direction: row;
  box-sizing: border-box;
  position: relative;
  -webkit-box-flex-wrap: wrap;
  -webkit-flex-wrap: wrap;
  -ms-flex-wrap: wrap;
  flex-wrap: wrap;
  -webkit-box-pack: start;
  -ms-flex-pack: start;
  -webkit-justify-content: flex-start;
  justify-content: flex-start;
  -webkit-align-items: center;
  -webkit-box-align: center;
  -ms-flex-align: center;
  align-items: center;
}

.emotion-3 {
  display: -webkit-box;
  display: -webkit-flex;
  display: -ms-flexbox;
  display: flex;
  -webkit-align-content: stretch;
  -ms-flex-line-pack: stretch;
  align-content: stretch;
  -webkit-flex-shrink: 1;
  -ms-flex-negative: 1;
  flex-shrink: 1;
  -webkit-flex-direction: column;
  -ms-flex-direction: column;
  flex-direction: column;
  box-sizing: border-box;
  position: relative;
  cursor: default;
  background-color: inherit;
  border-width: 0;
  padding: 0;
  overflow: hidden;
  -webkit-align-items: stretch;
  -webkit-box-align: stretch;
  -ms-flex-align: stretch;
  align-items: stretch;
  z-index: 0;
}

.emotion-4 {
  text-align: left;
  color: #373737cc;
  -webkit-text-fill-color: #373737cc;
  text-fill-color: #373737cc;
  display: -webkit-box;
  overflow: hidden;
  text-overflow: ellipsis;
  -webkit-box-orient: vertical;
  -webkit-line-clamp: 1;
  font-size: 0.875rem;
  line-height: 1.125rem;
  font-weight: 400;
}

.emotion-5 {
  display: -webkit-box;
  display: -webkit-flex;
  display: -ms-flexbox;
  display: flex;
  -webkit-align-content: stretch;
  -ms-flex-line-pack: stretch;
  align-content: stretch;
  -webkit-flex-shrink: 0;
  -ms-flex-negative: 0;
  flex-shrink: 0;
  -webkit-flex-direction: column;
  -ms-flex-direction: column;
  flex-direction: column;
  box-sizing: border-box;
  position: relative;
  width: 4px;
}

.emotion-6 {
  display: -webkit-box;
  display: -webkit-flex;
  display: -ms-flexbox;
  display: flex;
  -webkit-align-content: stretch;
  -ms-flex-line-pack: stretch;
  align-content: stretch;
  -webkit-flex-shrink: 1;
  -ms-flex-negative: 1;
  flex-shrink: 1;
  -webkit-flex-direction: row;
  -ms-flex-direction: row;
  flex-direction: row;
  box-sizing: border-box;
  position: relative;
  -webkit-box-pack: start;
  -ms-flex-pack: start;
  -webkit-justify-content: flex-start;
  justify-content: flex-start;
  -webkit-align-items: center;
  -webkit-box-align: center;
  -ms-flex-align: center;
  align-items: center;
}

.emotion-8 {
  display: -webkit-box;
  display: -webkit-flex;
  display: -ms-flexbox;
  display: flex;
  -webkit-align-content: stretch;
  -ms-flex-line-pack: stretch;
  align-content: stretch;
  -webkit-flex-shrink: 1;
  -ms-flex-negative: 1;
  flex-shrink: 1;
  -webkit-flex-direction: column;
  -ms-flex-direction: column;
  flex-direction: column;
  box-sizing: border-box;
  position: relative;
  width: 12px;
  height: 12px;
  fill: #373737cc;
}

.emotion-9 {
  display: -webkit-box;
  display: -webkit-flex;
  display: -ms-flexbox;
  display: flex;
  -webkit-align-content: stretch;
  -ms-flex-line-pack: stretch;
  align-content: stretch;
  -webkit-flex-shrink: 1;
  -ms-flex-negative: 1;
  flex-shrink: 1;
  -webkit-flex-direction: column;
  -ms-flex-direction: column;
  flex-direction: column;
  box-sizing: border-box;
  position: relative;
}

.emotion-20 {
  text-align: left;
  color: #0c0c0c;
  -webkit-text-fill-color: #0c0c0c;
  text-fill-color: #0c0c0c;
  display: -webkit-box;
  overflow: hidden;
  text-overflow: ellipsis;
  -webkit-box-orient: vertical;
  -webkit-line-clamp: 1;
  font-size: 0.875rem;
  line-height: 1.125rem;
  font-weight: 400;
}

<div>
  <nav
    aria-label="Breadcrumb"
    class="emotion-0"
    data-testid="BreadCrumbs"
  >
    <ol
      class="emotion-1"
    >
      <li
        class="emotion-0"
      >
        <button
          class="emotion-3"
          data-testid="BreadCrumb"
          style="opacity: 1; transition-property: opacity; transition-duration: 200ms; transition-timing-function: cubic-bezier(0.5, 1, 0.89, 1);"
          type="button"
        >
          <span
            class="emotion-4"
            data-testid="breadcrumb-text"
          >
            BreadCrumb1
          </span>
        </button>
        <div
          class="emotion-5"
        />
      </li>
      <li
        class="emotion-6"
      >
        <div
          class="emotion-0"
        >
          <svg
            class="emotion-8"
            data-testid="separator"
            viewBox="0 0 24 24"
          >
            <path
              class="emotion-9"
              d="m15.955 11.525-8.2 8.2c-.1.1-.1.25 0 .35l.9.9c.1.1.25.1.35 0l9.25-9.25c.1-.1.1-.25 0-.35l-9.25-9.3c-.1-.1-.25-.1-.35 0l-.9.9c-.1.1-.1.25 0 .35z"
            />
          </svg>
        </div>
        <div
          class="emotion-5"
        />
        <button
          class="emotion-3"
          data-testid="BreadCrumb"
          style="opacity: 1; transition-property: opacity; transition-duration: 200ms; transition-timing-function: cubic-bezier(0.5, 1, 0.89, 1);"
          type="button"
        >
          <span
            class="emotion-4"
            data-testid="breadcrumb-text"
          >
            BreadCrumb2
          </span>
        </button>
        <div
          class="emotion-5"
        />
      </li>
      <li
        class="emotion-6"
      >
        <div
          class="emotion-0"
        >
          <svg
            class="emotion-8"
            data-testid="separator"
            viewBox="0 0 24 24"
          >
            <path
              class="emotion-9"
              d="m15.955 11.525-8.2 8.2c-.1.1-.1.25 0 .35l.9.9c.1.1.25.1.35 0l9.25-9.25c.1-.1.1-.25 0-.35l-9.25-9.3c-.1-.1-.25-.1-.35 0l-.9.9c-.1.1-.1.25 0 .35z"
            />
          </svg>
        </div>
        <div
          class="emotion-5"
        />
        <button
          class="emotion-3"
          data-testid="BreadCrumb"
          style="opacity: 1; transition-property: opacity; transition-duration: 200ms; transition-timing-function: cubic-bezier(0.5, 1, 0.89, 1);"
          type="button"
        >
          <span
            class="emotion-20"
            data-testid="breadcrumb-text"
          >
            BreadCrumb3
          </span>
        </button>
      </li>
    </ol>
  </nav>
</div>
`;
