// Jest Snapshot v1, https://goo.gl/fbAQLP

exports[`<Divider /> when Divider with margin rendered match snapshot 1`] = `
.emotion-0 {
  display: -webkit-box;
  display: -webkit-flex;
  display: -ms-flexbox;
  display: flex;
  -webkit-flex-direction: column;
  -ms-flex-direction: column;
  flex-direction: column;
  -webkit-align-content: stretch;
  -ms-flex-line-pack: stretch;
  align-content: stretch;
  -webkit-flex-shrink: 1;
  -ms-flex-negative: 1;
  flex-shrink: 1;
  -webkit-flex: none;
  -ms-flex: none;
  flex: none;
  border-width: 0;
  border-color: rgba(0, 0, 0, 0.15);
  border-style: solid;
  width: 100%;
  height: 0;
  border-top-width: 1px;
  margin-top: 16px;
  margin-bottom: 16px;
}

<div
  class="emotion-0"
  data-testid="divider"
  kind="default"
/>
`;
