// Jest Snapshot v1, https://goo.gl/fbAQLP

exports[`<Badge /> when size is sm and kind is primary with IconComponent match snapshot 1`] = `
.emotion-0 {
  display: -webkit-box;
  display: -webkit-flex;
  display: -ms-flexbox;
  display: flex;
  -webkit-align-self: flex-start;
  -ms-flex-item-align: flex-start;
  align-self: flex-start;
  -webkit-align-content: stretch;
  -ms-flex-line-pack: stretch;
  align-content: stretch;
  -webkit-flex-shrink: 1;
  -ms-flex-negative: 1;
  flex-shrink: 1;
  -webkit-flex-direction: row;
  -ms-flex-direction: row;
  flex-direction: row;
  box-sizing: border-box;
  position: relative;
  border-radius: 4px;
  background-color: #ff5d00;
  padding-left: 6px;
  padding-right: 6px;
  padding-top: 3px;
  padding-bottom: 3px;
  -webkit-align-items: center;
  -webkit-box-align: center;
  -ms-flex-align: center;
  align-items: center;
  gap: 4px;
}

.emotion-1 {
  display: -webkit-box;
  display: -webkit-flex;
  display: -ms-flexbox;
  display: flex;
  -webkit-align-content: stretch;
  -ms-flex-line-pack: stretch;
  align-content: stretch;
  -webkit-flex-shrink: 1;
  -ms-flex-negative: 1;
  flex-shrink: 1;
  -webkit-flex-direction: column;
  -ms-flex-direction: column;
  flex-direction: column;
  box-sizing: border-box;
  position: relative;
  width: 10px;
  height: 10px;
  fill: #ffffff;
}

.emotion-2 {
  display: -webkit-box;
  display: -webkit-flex;
  display: -ms-flexbox;
  display: flex;
  -webkit-align-content: stretch;
  -ms-flex-line-pack: stretch;
  align-content: stretch;
  -webkit-flex-shrink: 1;
  -ms-flex-negative: 1;
  flex-shrink: 1;
  -webkit-flex-direction: column;
  -ms-flex-direction: column;
  flex-direction: column;
  box-sizing: border-box;
  position: relative;
}

.emotion-3 {
  text-align: left;
  color: #ffffff;
  -webkit-text-fill-color: #ffffff;
  text-fill-color: #ffffff;
  font-size: 0.6875rem;
  line-height: 0.875rem;
  font-weight: 500;
}

<div>
  <div
    class="emotion-0"
    data-testid="badge"
  >
    <svg
      class="emotion-1"
      data-testid="pin-fill"
      viewBox="0 0 24 24"
    >
      <path
        class="emotion-2"
        d="M17.15 2H6.85c-.15 0-.25.1-.25.25v7.1c0 .1 0 .15-.05.25l-3.5 6.5c-.05.05-.05.1-.05.15 0 .15.1.25.25.25h7.5v4.6c0 .1.05.2.1.25l.95 1.55c.05.1.15.1.2.1s.15-.05.2-.1l.95-1.55c.05-.1.1-.15.1-.25v-4.6h7.5c.15 0 .25-.1.25-.25 0-.05 0-.1-.05-.1l-3.5-6.5c-.05-.05-.05-.15-.05-.25V2.25c0-.15-.1-.25-.25-.25"
      />
    </svg>
    <span
      class="emotion-3"
      data-testid="body"
    >
      this is a badge
    </span>
  </div>
</div>
`;
