// Jest Snapshot v1, https://goo.gl/fbAQLP

exports[`<FilterChip /> when href provided match snapshot 1`] = `
.emotion-0 {
  display: -webkit-box;
  display: -webkit-flex;
  display: -ms-flexbox;
  display: flex;
  -webkit-align-content: stretch;
  -ms-flex-line-pack: stretch;
  align-content: stretch;
  -webkit-flex-shrink: 0;
  -ms-flex-negative: 0;
  flex-shrink: 0;
  -webkit-flex-direction: row;
  -ms-flex-direction: row;
  flex-direction: row;
  box-sizing: border-box;
  position: relative;
  overflow: hidden;
  cursor: pointer;
  -webkit-align-items: center;
  -webkit-box-align: center;
  -ms-flex-align: center;
  align-items: center;
  z-index: 0;
  -webkit-box-flex: 0;
  -webkit-flex-grow: 0;
  -ms-flex-positive: 0;
  flex-grow: 0;
  max-width: 100%;
  -webkit-align-self: flex-start;
  -ms-flex-item-align: flex-start;
  align-self: flex-start;
  min-height: 38px;
  padding: 10px;
  border-radius: 16px;
  background-color: #00000008;
}

.emotion-1 {
  text-align: left;
  color: #0c0c0c;
  -webkit-text-fill-color: #0c0c0c;
  text-fill-color: #0c0c0c;
  word-break: normal;
  font-size: 0.875rem;
  line-height: 1.125rem;
  font-weight: 400;
}

.emotion-2 {
  display: -webkit-box;
  display: -webkit-flex;
  display: -ms-flexbox;
  display: flex;
  -webkit-align-content: stretch;
  -ms-flex-line-pack: stretch;
  align-content: stretch;
  -webkit-flex-shrink: 1;
  -ms-flex-negative: 1;
  flex-shrink: 1;
  -webkit-flex-direction: column;
  -ms-flex-direction: column;
  flex-direction: column;
  box-sizing: border-box;
  position: absolute;
  left: 0;
  right: 0;
  top: 0;
  bottom: 0;
  background-color: #0c0c0c;
  pointer-events: none;
}

<div>
  <a
    class="emotion-0"
    data-testid="pressable"
    href="https://www.vibrant-design.com"
    style="opacity: 1; transition-property: opacity; transition-duration: 200ms; transition-timing-function: cubic-bezier(0.5, 1, 0.89, 1);"
  >
    <span
      class="emotion-1"
      data-testid="body"
    >
      Click me
    </span>
    <span
      class="emotion-2"
      style="opacity: 0; transition-property: opacity; transition-duration: 200ms; transition-timing-function: cubic-bezier(0.5, 1, 0.89, 1);"
    />
  </a>
</div>
`;
