// Jest Snapshot v1, https://goo.gl/fbAQLP

exports[`<GridList /> when the 'breakpoints' prop provided other responsive props should work based on the 'breakpoints' prop, not the theme breakpoints 1`] = `
.emotion-0 {
  display: -webkit-box;
  display: -webkit-flex;
  display: -ms-flexbox;
  display: flex;
  -webkit-align-content: stretch;
  -ms-flex-line-pack: stretch;
  align-content: stretch;
  -webkit-flex-shrink: 1;
  -ms-flex-negative: 1;
  flex-shrink: 1;
  -webkit-flex-direction: row;
  -ms-flex-direction: row;
  flex-direction: row;
  box-sizing: border-box;
  position: relative;
  overflow: auto;
  padding-left: 0;
  padding-right: 0;
  width: 100%;
  -webkit-box-flex-wrap: wrap;
  -webkit-flex-wrap: wrap;
  -ms-flex-wrap: wrap;
  flex-wrap: wrap;
  -webkit-column-gap: 0;
  column-gap: 0;
  row-gap: 0;
  scrollbar-width: none;
  -ms-overflow-style: none;
}

.emotion-0::-webkit-scrollbar {
  display: none;
}

.emotion-1 {
  -webkit-flex-direction: column;
  -ms-flex-direction: column;
  flex-direction: column;
  box-sizing: border-box;
  position: relative;
  width: calc((100% - 0px) / 1);
  -webkit-flex-shrink: 1;
  -ms-flex-negative: 1;
  flex-shrink: 1;
}

@media screen and (min-width: 200px) {
  .emotion-1 {
    width: calc((100% - 0px) / 2);
  }
}

@media screen and (min-width: 400px) {
  .emotion-1 {
    width: calc((100% - 0px) / 3);
  }
}

.emotion-2 {
  text-align: left;
  color: #ffffff;
  -webkit-text-fill-color: #ffffff;
  text-fill-color: #ffffff;
  font-size: 1rem;
  line-height: 1.25rem;
  font-weight: 400;
}

<div>
  <ul
    class="emotion-0"
    data-testid="grid-list"
  >
    <li
      class="emotion-1"
    >
      <span
        class="emotion-2"
        data-testid="body"
      >
        1
      </span>
    </li>
    <li
      class="emotion-1"
    >
      <span
        class="emotion-2"
        data-testid="body"
      >
        2
      </span>
    </li>
    <li
      class="emotion-1"
    >
      <span
        class="emotion-2"
        data-testid="body"
      >
        3
      </span>
    </li>
    <li
      class="emotion-1"
    >
      <span
        class="emotion-2"
        data-testid="body"
      >
        4
      </span>
    </li>
    <li
      class="emotion-1"
    >
      <span
        class="emotion-2"
        data-testid="body"
      >
        5
      </span>
    </li>
  </ul>
</div>
`;
