// Jest Snapshot v1, https://goo.gl/fbAQLP

exports[`<Box /> Performance Mount Performance match snapshot: emotion box snapshot 1`] = `
.emotion-0 {
  display: -webkit-box;
  display: -webkit-flex;
  display: -ms-flexbox;
  display: flex;
  -webkit-align-content: stretch;
  -ms-flex-line-pack: stretch;
  align-content: stretch;
  -webkit-flex-shrink: 1;
  -ms-flex-negative: 1;
  flex-shrink: 1;
  -webkit-flex-direction: column;
  -ms-flex-direction: column;
  flex-direction: column;
  box-sizing: border-box;
  position: relative;
  width: 300px;
  height: 300px;
  background-color: red;
}

<div>
  <div
    class="emotion-0"
  />
</div>
`;

exports[`<Box /> Performance Mount Performance match snapshot: vibrant box snapshot 1`] = `
.emotion-0 {
  display: -webkit-box;
  display: -webkit-flex;
  display: -ms-flexbox;
  display: flex;
  -webkit-align-content: stretch;
  -ms-flex-line-pack: stretch;
  align-content: stretch;
  -webkit-flex-shrink: 1;
  -ms-flex-negative: 1;
  flex-shrink: 1;
  -webkit-flex-direction: column;
  -ms-flex-direction: column;
  flex-direction: column;
  box-sizing: border-box;
  position: relative;
  width: 300px;
  height: 300px;
  background-color: red;
}

<div>
  <div
    class="emotion-0"
  />
</div>
`;
